src/controllers/BookingController.ts(94,65): error TS2322: Type 'string | string[]' is not assignable to type 'string | FindOperator<string> | undefined'.
  Type 'string[]' is not assignable to type 'string | FindOperator<string> | undefined'.
