src/controllers/AdminPlayerController.ts(93,17): error TS2740: Type 'PlayerPerformance[]' is missing the following properties from type 'PlayerPerformance': id, user, matchesPlayed, totalRuns, and 13 more.
src/controllers/AdminPlayerController.ts(102,46): error TS2769: No overload matches this call.
  Overload 1 of 4, '(entities: DeepPartial<PlayerPerformance>[], options?: SaveOptions | undefined): Promise<(DeepPartial<PlayerPerformance> & PlayerPerformance)[]>', gave the following error.
    Argument of type 'PlayerPerformance | null' is not assignable to parameter of type 'DeepPartial<PlayerPerformance>[]'.
      Type 'null' is not assignable to type 'DeepPartial<PlayerPerformance>[]'.
  Overload 2 of 4, '(entity: DeepPartial<PlayerPerformance>, options?: SaveOptions | undefined): Promise<DeepPartial<PlayerPerformance> & PlayerPerformance>', gave the following error.
    Argument of type 'PlayerPerformance | null' is not assignable to parameter of type 'DeepPartial<PlayerPerformance>'.
      Type 'null' is not assignable to type 'DeepPartial<PlayerPerformance>'.
